
Deprecated: PHPUnit\Runner\DefaultTestResultCache implements the Serializable interface, which is deprecated. Implement __serialize() and __unserialize() instead (or in addition, if support for old PHP versions is necessary) in C:\xampp\htdocs\MyUkm-main\vendor\phpunit\phpunit\src\Runner\DefaultTestResultCache.php on line 34
php : PHP Deprecated:  
PHPUnit\Runner\DefaultTestResultCache 
implements the Serializable interface, 
which is deprecated. Implement 
__serialize() and __unserialize() 
instead (or in addition, if support for 
old PHP versions is necessary) in C:\xam
pp\htdocs\MyUkm-main\vendor\phpunit\phpu
nit\src\Runner\DefaultTestResultCache.ph
p on line 34
At line:1 char:1
+ php -d error_reporting=E_ALL 
vendor/phpunit/phpunit/phpunit 
tests/Fea ...
+ ~~~~~~~~~~~~~~~~~~~~~~~~~~~~~~~~~~~~~~
~~~~~~~~~~~~~~~~~~~~~~~~~~~~~~~
    + CategoryInfo          : NotSpecif 
   ied: (PHP Deprecated:....php on lin  
  e 34:String) [], RemoteException
    + FullyQualifiedErrorId : NativeCom 
   mandError
 
PHPUnit 9.5.0 by Sebastian Bergmann and contributors.

E                                                                   1 / 1 (100%)

Time: 00:01.655, Memory: 38.00 MB

There was 1 error:

1) Tests\Feature\ChatTest::user_can_send_chat_message
Illuminate\Database\QueryException: SQLSTATE[22001]: String data, right truncated: 1406 Data too long for column 'referral_code' at row 1 (Connection: mysql, SQL: insert into `groups` (`name`, `description`, `referral_code`, `updated_at`, `created_at`) values (Test Group, Test Description, TEST123, 2025-06-28 16:35:25, 2025-06-28 16:35:25))

C:\xampp\htdocs\MyUkm-main\vendor\laravel\framework\src\Illuminate\Database\Connection.php:822
C:\xampp\htdocs\MyUkm-main\vendor\laravel\framework\src\Illuminate\Database\Connection.php:776
C:\xampp\htdocs\MyUkm-main\vendor\laravel\framework\src\Illuminate\Database\MySqlConnection.php:42
C:\xampp\htdocs\MyUkm-main\vendor\laravel\framework\src\Illuminate\Database\Query\Processors\MySqlProcessor.php:35
C:\xampp\htdocs\MyUkm-main\vendor\laravel\framework\src\Illuminate\Database\Query\Builder.php:3796
C:\xampp\htdocs\MyUkm-main\vendor\laravel\framework\src\Illuminate\Database\Eloquent\Builder.php:2205
C:\xampp\htdocs\MyUkm-main\vendor\laravel\framework\src\Illuminate\Database\Eloquent\Model.php:1410
C:\xampp\htdocs\MyUkm-main\vendor\laravel\framework\src\Illuminate\Database\Eloquent\Model.php:1375
C:\xampp\htdocs\MyUkm-main\vendor\laravel\framework\src\Illuminate\Database\Eloquent\Model.php:1214
C:\xampp\htdocs\MyUkm-main\vendor\laravel\framework\src\Illuminate\Database\Eloquent\Builder.php:1189
C:\xampp\htdocs\MyUkm-main\vendor\laravel\framework\src\Illuminate\Support\helpers.php:399
C:\xampp\htdocs\MyUkm-main\vendor\laravel\framework\src\Illuminate\Database\Eloquent\Builder.php:1188
C:\xampp\htdocs\MyUkm-main\vendor\laravel\framework\src\Illuminate\Support\Traits\ForwardsCalls.php:23
C:\xampp\htdocs\MyUkm-main\vendor\laravel\framework\src\Illuminate\Database\Eloquent\Model.php:2496
C:\xampp\htdocs\MyUkm-main\vendor\laravel\framework\src\Illuminate\Database\Eloquent\Model.php:2512
C:\xampp\htdocs\MyUkm-main\tests\Feature\ChatTest.php:22

Caused by
PDOException: SQLSTATE[22001]: String data, right truncated: 1406 Data too long for column 'referral_code' at row 1

C:\xampp\htdocs\MyUkm-main\vendor\laravel\framework\src\Illuminate\Database\MySqlConnection.php:53
C:\xampp\htdocs\MyUkm-main\vendor\laravel\framework\src\Illuminate\Database\Connection.php:809
C:\xampp\htdocs\MyUkm-main\vendor\laravel\framework\src\Illuminate\Database\Connection.php:776
C:\xampp\htdocs\MyUkm-main\vendor\laravel\framework\src\Illuminate\Database\MySqlConnection.php:42
C:\xampp\htdocs\MyUkm-main\vendor\laravel\framework\src\Illuminate\Database\Query\Processors\MySqlProcessor.php:35
C:\xampp\htdocs\MyUkm-main\vendor\laravel\framework\src\Illuminate\Database\Query\Builder.php:3796
C:\xampp\htdocs\MyUkm-main\vendor\laravel\framework\src\Illuminate\Database\Eloquent\Builder.php:2205
C:\xampp\htdocs\MyUkm-main\vendor\laravel\framework\src\Illuminate\Database\Eloquent\Model.php:1410
C:\xampp\htdocs\MyUkm-main\vendor\laravel\framework\src\Illuminate\Database\Eloquent\Model.php:1375
C:\xampp\htdocs\MyUkm-main\vendor\laravel\framework\src\Illuminate\Database\Eloquent\Model.php:1214
C:\xampp\htdocs\MyUkm-main\vendor\laravel\framework\src\Illuminate\Database\Eloquent\Builder.php:1189
C:\xampp\htdocs\MyUkm-main\vendor\laravel\framework\src\Illuminate\Support\helpers.php:399
C:\xampp\htdocs\MyUkm-main\vendor\laravel\framework\src\Illuminate\Database\Eloquent\Builder.php:1188
C:\xampp\htdocs\MyUkm-main\vendor\laravel\framework\src\Illuminate\Support\Traits\ForwardsCalls.php:23
C:\xampp\htdocs\MyUkm-main\vendor\laravel\framework\src\Illuminate\Database\Eloquent\Model.php:2496
C:\xampp\htdocs\MyUkm-main\vendor\laravel\framework\src\Illuminate\Database\Eloquent\Model.php:2512
C:\xampp\htdocs\MyUkm-main\tests\Feature\ChatTest.php:22

ERRORS!
Tests: 1, Assertions: 0, Errors: 1.
